// Jest Snapshot v1, https://goo.gl/fbAQLP

exports[`App Component should render the correct structure 1`] = `
<DocumentFragment>
  <div
    class="app"
  >
    <header
      class="header"
    >
      <div
        class="overlay"
      >
        <div
          class="container"
        >
          <div
            class="topSection"
          >
            <span
              class="appLogo"
            >
              <b>
                netflix
              </b>
              roulette
            </span>
            <button
              class="default buttonTop buttonAddMovie"
              type="button"
            >
              <i
                class="fa"
              />
               ADD MOVIE
            </button>
          </div>
          <div
            class="mainSection"
          >
            <span
              class="searchTitle"
            >
              FIND YOUR MOVIE
            </span>
            <div
              class="searchSection"
            >
              <div
                class="searchBar"
              >
                <input
                  placeholder="What do you want to watch?"
                  type="text"
                />
              </div>
              <button
                class="default searchMoviesButton"
                type="button"
              >
                SEARCH
              </button>
            </div>
          </div>
        </div>
      </div>
      <div
        class="modal displayNone"
      >
        <section
          class="modalMain"
        >
          <button
            class="default closeButton"
            type="button"
          >
            <i
              class="fa"
            />
          </button>
          <div
            class="modalBody"
          >
            <section
              class="editCard"
            >
              <span
                class="title"
              >
                ADD MOVIE
              </span>
              <div>
                <div
                  class="inputContainer"
                >
                  <label
                    class="inputLabel"
                    for="title"
                  >
                    TITLE
                  </label>
                  <input
                    class="inputField"
                    name="title"
                    placeholder="Title here"
                    type="text"
                    value=""
                  />
                </div>
                <div
                  class="inputContainer"
                >
                  <label
                    class="inputLabel"
                    for="releaseDate"
                  >
                    RELEASE DATE
                  </label>
                  <input
                    class="inputField"
                    name="releaseDate"
                    placeholder="Select Date"
                    type="text"
                    value=""
                  />
                </div>
                <div
                  class="inputContainer"
                >
                  <label
                    class="inputLabel"
                    for="posterPath"
                  >
                    MOVIE URL
                  </label>
                  <input
                    class="inputField"
                    name="posterPath"
                    placeholder="Movie URL here"
                    type="text"
                    value=""
                  />
                </div>
                <div
                  class="inputContainer"
                >
                  <label
                    class="inputLabel"
                    for="genre"
                  >
                    GENRE
                  </label>
                  <input
                    class="inputField"
                    name="genre"
                    placeholder="Select Genre"
                    type="text"
                    value=""
                  />
                </div>
                <div
                  class="inputContainer"
                >
                  <label
                    class="inputLabel"
                    for="overview"
                  >
                    OVERVIEW
                  </label>
                  <input
                    class="inputField"
                    name="overview"
                    placeholder="Overview here"
                    type="text"
                    value=""
                  />
                </div>
                <div
                  class="inputContainer"
                >
                  <label
                    class="inputLabel"
                    for="runtime"
                  >
                    RUNTIME
                  </label>
                  <input
                    class="inputField"
                    name="runtime"
                    placeholder="Runtime here"
                    type="number"
                    value=""
                  />
                </div>
              </div>
              <div
                class="footer"
              >
                <button
                  class="default footerButton resetButton"
                  type="button"
                >
                  RESET
                </button>
                <button
                  class="default footerButton submitButton"
                  type="button"
                >
                  SUBMIT
                </button>
              </div>
            </section>
          </div>
        </section>
      </div>
    </header>
    <div
      class="mainContent"
    >
      <div
        class="container"
      >
        <div
          class="mainMenu"
        >
          <div
            class="leftSection"
          >
            <p>
              ALL
            </p>
            <p>
              DOCUMENTARY
            </p>
            <p>
              COMEDY
            </p>
            <p>
              HORROR
            </p>
            <p>
              CRIME
            </p>
          </div>
          <div
            class="rightSection"
          >
            <p
              style="float: left;"
            >
              SORT BY
            </p>
            <div
              class="inputContainer"
            >
              <select
                class="inputField"
              >
                <option
                  value="releaseDate"
                >
                  RELEASE DATE
                </option>
                <option
                  value="title"
                >
                  TITLE
                </option>
              </select>
            </div>
          </div>
        </div>
        <div
          class="movieCount"
        >
          <span
            class="movieCountLabel"
          >
            39 movies found
          </span>
        </div>
        <div
          class="list"
        >
          <div
            class="cardContainer"
          >
            <div
              class="cardBody"
            >
              <div
                class="cardImage"
              >
                <button
                  class="default movieMenuButton"
                  type="button"
                >
                  <i
                    class="fa"
                  />
                </button>
                <div
                  class="default menuDisplayNone"
                >
                  <button
                    class="default closeButton"
                    type="button"
                  >
                    <i
                      class="fa"
                    />
                  </button>
                  <ul
                    class="menuList"
                  >
                    <li
                      class="menuElement"
                    >
                      <button
                        class="default menuButton"
                        type="button"
                      >
                        Edit
                      </button>
                    </li>
                    <li
                      class="menuElement"
                    >
                      <button
                        class="default menuButton"
                        type="button"
                      >
                        Delete
                      </button>
                    </li>
                  </ul>
                </div>
                <button
                  class="default movieSelectButton"
                  type="button"
                >
                  <img
                    alt=""
                    class="image"
                    src="https://image.tmdb.org/t/p/w600_and_h900_bestv2/3KY1qSxfKiOmQseOGiAGrcLUkqS.jpg"
                  />
                </button>
              </div>
              <div
                class="info"
              >
                <div
                  class="titleSection"
                >
                  <span
                    class="title"
                  >
                    Pulp Fiction
                  </span>
                  <span
                    class="year"
                  >
                    1994
                  </span>
                </div>
                <div
                  class="footer"
                >
                  <p
                    class="categories"
                  >
                    Thriller, Crime
                  </p>
                </div>
              </div>
            </div>
          </div>
          <div
            class="cardContainer"
          >
            <div
              class="cardBody"
            >
              <div
                class="cardImage"
              >
                <button
                  class="default movieMenuButton"
                  type="button"
                >
                  <i
                    class="fa"
                  />
                </button>
                <div
                  class="default menuDisplayNone"
                >
                  <button
                    class="default closeButton"
                    type="button"
                  >
                    <i
                      class="fa"
                    />
                  </button>
                  <ul
                    class="menuList"
                  >
                    <li
                      class="menuElement"
                    >
                      <button
                        class="default menuButton"
                        type="button"
                      >
                        Edit
                      </button>
                    </li>
                    <li
                      class="menuElement"
                    >
                      <button
                        class="default menuButton"
                        type="button"
                      >
                        Delete
                      </button>
                    </li>
                  </ul>
                </div>
                <button
                  class="default movieSelectButton"
                  type="button"
                >
                  <img
                    alt=""
                    class="image"
                    src="https://image.tmdb.org/t/p/w600_and_h900_bestv2/lRHE0vzf3oYJrhbsHXjIkF4Tl5A.jpg"
                  />
                </button>
              </div>
              <div
                class="info"
              >
                <div
                  class="titleSection"
                >
                  <span
                    class="title"
                  >
                    Inside Out
                  </span>
                  <span
                    class="year"
                  >
                    2015
                  </span>
                </div>
                <div
                  class="footer"
                >
                  <p
                    class="categories"
                  >
                    Drama, Comedy, Animation, Family
                  </p>
                </div>
              </div>
            </div>
          </div>
          <div
            class="cardContainer"
          >
            <div
              class="cardBody"
            >
              <div
                class="cardImage"
              >
                <button
                  class="default movieMenuButton"
                  type="button"
                >
                  <i
                    class="fa"
                  />
                </button>
                <div
                  class="default menuDisplayNone"
                >
                  <button
                    class="default closeButton"
                    type="button"
                  >
                    <i
                      class="fa"
                    />
                  </button>
                  <ul
                    class="menuList"
                  >
                    <li
                      class="menuElement"
                    >
                      <button
                        class="default menuButton"
                        type="button"
                      >
                        Edit
                      </button>
                    </li>
                    <li
                      class="menuElement"
                    >
                      <button
                        class="default menuButton"
                        type="button"
                      >
                        Delete
                      </button>
                    </li>
                  </ul>
                </div>
                <button
                  class="default movieSelectButton"
                  type="button"
                >
                  <img
                    alt=""
                    class="image"
                    src="https://image.tmdb.org/t/p/w600_and_h900_bestv2/oEbYyyl3w2dptDZCfXr8NHEHFkl.jpg"
                  />
                </button>
              </div>
              <div
                class="info"
              >
                <div
                  class="titleSection"
                >
                  <span
                    class="title"
                  >
                    Kill Bill: Vol. 2
                  </span>
                  <span
                    class="year"
                  >
                    2004
                  </span>
                </div>
                <div
                  class="footer"
                >
                  <p
                    class="categories"
                  >
                    Action, Crime, Thriller
                  </p>
                </div>
              </div>
            </div>
          </div>
          <div
            class="cardContainer"
          >
            <div
              class="cardBody"
            >
              <div
                class="cardImage"
              >
                <button
                  class="default movieMenuButton"
                  type="button"
                >
                  <i
                    class="fa"
                  />
                </button>
                <div
                  class="default menuDisplayNone"
                >
                  <button
                    class="default closeButton"
                    type="button"
                  >
                    <i
                      class="fa"
                    />
                  </button>
                  <ul
                    class="menuList"
                  >
                    <li
                      class="menuElement"
                    >
                      <button
                        class="default menuButton"
                        type="button"
                      >
                        Edit
                      </button>
                    </li>
                    <li
                      class="menuElement"
                    >
                      <button
                        class="default menuButton"
                        type="button"
                      >
                        Delete
                      </button>
                    </li>
                  </ul>
                </div>
                <button
                  class="default movieSelectButton"
                  type="button"
                >
                  <img
                    alt=""
                    class="image"
                    src="https://image.tmdb.org/t/p/w500/7WsyChQLEftFiDOVTGkv3hFpyyt.jpg"
                  />
                </button>
              </div>
              <div
                class="info"
              >
                <div
                  class="titleSection"
                >
                  <span
                    class="title"
                  >
                    Avengers: Infinity War
                  </span>
                  <span
                    class="year"
                  >
                    2018
                  </span>
                </div>
                <div
                  class="footer"
                >
                  <p
                    class="categories"
                  >
                    Adventure, Science Fiction, Fantasy, Action
                  </p>
                </div>
              </div>
            </div>
          </div>
          <div
            class="cardContainer"
          >
            <div
              class="cardBody"
            >
              <div
                class="cardImage"
              >
                <button
                  class="default movieMenuButton"
                  type="button"
                >
                  <i
                    class="fa"
                  />
                </button>
                <div
                  class="default menuDisplayNone"
                >
                  <button
                    class="default closeButton"
                    type="button"
                  >
                    <i
                      class="fa"
                    />
                  </button>
                  <ul
                    class="menuList"
                  >
                    <li
                      class="menuElement"
                    >
                      <button
                        class="default menuButton"
                        type="button"
                      >
                        Edit
                      </button>
                    </li>
                    <li
                      class="menuElement"
                    >
                      <button
                        class="default menuButton"
                        type="button"
                      >
                        Delete
                      </button>
                    </li>
                  </ul>
                </div>
                <button
                  class="default movieSelectButton"
                  type="button"
                >
                  <img
                    alt=""
                    class="image"
                    src="https://image.tmdb.org/t/p/w600_and_h900_bestv2/9gk7adHYeDvHkCSEqAvQNLV5Uge.jpg"
                  />
                </button>
              </div>
              <div
                class="info"
              >
                <div
                  class="titleSection"
                >
                  <span
                    class="title"
                  >
                    Inception
                  </span>
                  <span
                    class="year"
                  >
                    2010
                  </span>
                </div>
                <div
                  class="footer"
                >
                  <p
                    class="categories"
                  >
                    Action, Thriller, Science Fiction, Mystery, Adventure
                  </p>
                </div>
              </div>
            </div>
          </div>
          <div
            class="cardContainer"
          >
            <div
              class="cardBody"
            >
              <div
                class="cardImage"
              >
                <button
                  class="default movieMenuButton"
                  type="button"
                >
                  <i
                    class="fa"
                  />
                </button>
                <div
                  class="default menuDisplayNone"
                >
                  <button
                    class="default closeButton"
                    type="button"
                  >
                    <i
                      class="fa"
                    />
                  </button>
                  <ul
                    class="menuList"
                  >
                    <li
                      class="menuElement"
                    >
                      <button
                        class="default menuButton"
                        type="button"
                      >
                        Edit
                      </button>
                    </li>
                    <li
                      class="menuElement"
                    >
                      <button
                        class="default menuButton"
                        type="button"
                      >
                        Delete
                      </button>
                    </li>
                  </ul>
                </div>
                <button
                  class="default movieSelectButton"
                  type="button"
                >
                  <img
                    alt=""
                    class="image"
                    src="https://image.tmdb.org/t/p/w600_and_h900_bestv2/AjTtJNumZyUDz33VtMlF1K8JPsE.jpg"
                  />
                </button>
              </div>
              <div
                class="info"
              >
                <div
                  class="titleSection"
                >
                  <span
                    class="title"
                  >
                    Reservoir Dogs
                  </span>
                  <span
                    class="year"
                  >
                    1992
                  </span>
                </div>
                <div
                  class="footer"
                >
                  <p
                    class="categories"
                  >
                    Crime, Thriller
                  </p>
                </div>
              </div>
            </div>
          </div>
        </div>
        <div
          class="modal displayNone"
        >
          <section
            class="modalMain"
          >
            <button
              class="default closeButton"
              type="button"
            >
              <i
                class="fa"
              />
            </button>
            <div
              class="modalBody"
            >
              <section
                class="editCard"
              >
                <span
                  class="title"
                >
                  ADD MOVIE
                </span>
                <div>
                  <div
                    class="inputContainer"
                  >
                    <label
                      class="inputLabel"
                      for="title"
                    >
                      TITLE
                    </label>
                    <input
                      class="inputField"
                      name="title"
                      placeholder="Title here"
                      type="text"
                      value=""
                    />
                  </div>
                  <div
                    class="inputContainer"
                  >
                    <label
                      class="inputLabel"
                      for="releaseDate"
                    >
                      RELEASE DATE
                    </label>
                    <input
                      class="inputField"
                      name="releaseDate"
                      placeholder="Select Date"
                      type="text"
                      value=""
                    />
                  </div>
                  <div
                    class="inputContainer"
                  >
                    <label
                      class="inputLabel"
                      for="posterPath"
                    >
                      MOVIE URL
                    </label>
                    <input
                      class="inputField"
                      name="posterPath"
                      placeholder="Movie URL here"
                      type="text"
                      value=""
                    />
                  </div>
                  <div
                    class="inputContainer"
                  >
                    <label
                      class="inputLabel"
                      for="genre"
                    >
                      GENRE
                    </label>
                    <input
                      class="inputField"
                      name="genre"
                      placeholder="Select Genre"
                      type="text"
                      value=""
                    />
                  </div>
                  <div
                    class="inputContainer"
                  >
                    <label
                      class="inputLabel"
                      for="overview"
                    >
                      OVERVIEW
                    </label>
                    <input
                      class="inputField"
                      name="overview"
                      placeholder="Overview here"
                      type="text"
                      value=""
                    />
                  </div>
                  <div
                    class="inputContainer"
                  >
                    <label
                      class="inputLabel"
                      for="runtime"
                    >
                      RUNTIME
                    </label>
                    <input
                      class="inputField"
                      name="runtime"
                      placeholder="Runtime here"
                      type="number"
                      value=""
                    />
                  </div>
                </div>
                <div
                  class="footer"
                >
                  <button
                    class="default footerButton resetButton"
                    type="button"
                  >
                    RESET
                  </button>
                  <button
                    class="default footerButton submitButton"
                    type="button"
                  >
                    SUBMIT
                  </button>
                </div>
              </section>
            </div>
          </section>
        </div>
        <div
          class="modal displayNone"
        >
          <section
            class="modalMain"
          >
            <button
              class="default closeButton"
              type="button"
            >
              <i
                class="fa"
              />
            </button>
            <div
              class="modalBody"
            >
              <section
                class="deleteMessage"
              >
                <span
                  class="title"
                >
                  DELETE MOVIE
                </span>
                <div
                  class="body"
                >
                  <span>
                    Are you sure you want to delete this movie?
                  </span>
                </div>
                <div
                  class="footer"
                >
                  <button
                    class="default confirmButton"
                    type="button"
                  >
                    CONFIRM
                  </button>
                </div>
              </section>
            </div>
          </section>
        </div>
      </div>
    </div>
    <footer
      class="footer"
    >
      <span
        class="appLogo"
      >
        <b>
          netflix
        </b>
        roulette
      </span>
    </footer>
  </div>
</DocumentFragment>
`;
